/****************************************************************************
  Generated by T4TS.tt - don't make any changes in this file
****************************************************************************/

declare module T4TS {
    /** Generated from T4TS.Tests.Models.LocalModel **/
    export interface LocalModel {
        id: number;
        optional?: string;
    }
}
