/****************************************************************************
  Generated by T4TS.tt - don't make any changes in this file
****************************************************************************/

declare module T4TS {
    /** Generated from T4TS.Tests.Models.ParentModel **/
    export interface ParentModel {
        id: number;
        child: T4TS.ChildModel;
        children: T4TS.ChildModel[];
    }
    /** Generated from T4TS.Tests.Models.ParentModel **/
    export class ParentModelObservable {
        id = ko.observable<number>();
        child = ko.observable<T4TS.ChildModel>();
        children = ko.observableArray<T4TS.ChildModel>([]);
    }
    /** Generated from T4TS.Tests.Models.ChildModel **/
    export interface ChildModel {
        id: number;
        date: string;
    }
    /** Generated from T4TS.Tests.Models.ChildModel **/
    export class ChildModelObservable {
        id = ko.observable<number>();
        date = ko.observable<string>();
    }
}
